2026-05-28 21:59:18,659 - utils.logger - INFO - Processando: s3://dados-ans-datawarehouse/dados_brutos/areas_comercializacao_planos/pda_area_comer_plano_ntrp (1).csv
2026-05-28 21:59:18,659 - utils.logger - INFO - Inserindo na tabela: areas_comercializacao_planos
2026-05-28 21:59:43,738 - utils.logger - INFO - Processando: s3://dados-ans-datawarehouse/dados_brutos/caracteristicas_produtos_suplementares/pda-008-caracteristicas_produtos_saude_suplementar.csv
2026-05-28 21:59:43,738 - utils.logger - INFO - Inserindo na tabela: caracteristicas_produtos_suplementares
2026-05-28 21:59:47,328 - utils.logger - INFO - Processando: s3://dados-ans-datawarehouse/dados_brutos/indice_reclamacoes/IGR.csv
2026-05-28 21:59:47,328 - utils.logger - INFO - Inserindo na tabela: indice_reclamacoes
2026-05-28 21:59:49,499 - utils.logger - INFO - Processando: s3://dados-ans-datawarehouse/dados_brutos/mensalidade_por_faixa_etaria/NOTA_TECNICA_VCM_FAIXA_ETARIA_2020.csv
2026-05-28 21:59:49,499 - utils.logger - INFO - Inserindo na tabela: mensalidade_por_faixa_etaria
2026-05-28 21:59:51,205 - utils.logger - INFO - Processando: s3://dados-ans-datawarehouse/dados_brutos/mensalidade_por_faixa_etaria/NOTA_TECNICA_VCM_FAIXA_ETARIA_2021.csv
2026-05-28 21:59:51,205 - utils.logger - INFO - Inserindo na tabela: mensalidade_por_faixa_etaria
2026-05-28 21:59:52,672 - utils.logger - INFO - Processando: s3://dados-ans-datawarehouse/dados_brutos/mensalidade_por_faixa_etaria/NOTA_TECNICA_VCM_FAIXA_ETARIA_2022.csv
2026-05-28 21:59:52,672 - utils.logger - INFO - Inserindo na tabela: mensalidade_por_faixa_etaria
2026-05-28 21:59:54,736 - utils.logger - INFO - Processando: s3://dados-ans-datawarehouse/dados_brutos/mensalidade_por_faixa_etaria/NOTA_TECNICA_VCM_FAIXA_ETARIA_2023.csv
2026-05-28 21:59:54,736 - utils.logger - INFO - Inserindo na tabela: mensalidade_por_faixa_etaria
2026-05-28 21:59:56,895 - utils.logger - INFO - Processando: s3://dados-ans-datawarehouse/dados_brutos/mensalidade_por_faixa_etaria/NOTA_TECNICA_VCM_FAIXA_ETARIA_2024.csv
2026-05-28 21:59:56,895 - utils.logger - INFO - Inserindo na tabela: mensalidade_por_faixa_etaria
2026-05-28 21:59:59,376 - utils.logger - INFO - Processando: s3://dados-ans-datawarehouse/dados_brutos/mensalidade_por_faixa_etaria/NOTA_TECNICA_VCM_FAIXA_ETARIA_2025.csv
2026-05-28 21:59:59,376 - utils.logger - INFO - Inserindo na tabela: mensalidade_por_faixa_etaria
2026-05-28 22:00:00,885 - utils.logger - INFO - Processando: s3://dados-ans-datawarehouse/dados_brutos/mensalidade_por_faixa_etaria/NOTA_TECNICA_VCM_FAIXA_ETARIA_2026.csv
2026-05-28 22:00:00,885 - utils.logger - INFO - Inserindo na tabela: mensalidade_por_faixa_etaria
2026-05-28 22:00:03,236 - utils.logger - INFO - Processando: s3://dados-ans-datawarehouse/dados_brutos/municipios/pda-008-tabela_auxiliar_de_detalhamento_de_municipios.csv
2026-05-28 22:00:03,236 - utils.logger - INFO - Inserindo na tabela: municipios
2026-05-28 22:00:04,314 - utils.logger - INFO - Processando: s3://dados-ans-datawarehouse/dados_brutos/operadoras_ativas/Relatorio_cadop.csv
2026-05-28 22:00:04,315 - utils.logger - INFO - Inserindo na tabela: operadoras_ativas
2026-05-28 22:00:07,078 - utils.logger - INFO - Processando: s3://dados-ans-datawarehouse/dados_brutos/taxa_resolutividade/pda-048-taxa_de_resolutividade.csv
2026-05-28 22:00:07,079 - utils.logger - INFO - Inserindo na tabela: taxa_resolutividade
2026-05-28 22:01:06,171 - utils.logger - INFO - Processando: s3://dados-ans-datawarehouse/dados_brutos/valor_comercial_municipio/202506.csv
2026-05-28 22:01:06,171 - utils.logger - INFO - Inserindo na tabela: valor_comercial_municipio
