[0m22:30:20.953512 [debug] [MainThread]: Sending event: {'category': 'dbt', 'action': 'invocation', 'label': 'start', 'context': [<snowplow_tracker.self_describing_json.SelfDescribingJson object at 0x7faec1005be0>, <snowplow_tracker.self_describing_json.SelfDescribingJson object at 0x7faec3b94e10>, <snowplow_tracker.self_describing_json.SelfDescribingJson object at 0x7faec015bc50>]}


============================== 22:30:20.955849 | c6b7abe9-b2bc-4702-9005-b481e66c8a05 ==============================
[0m22:30:20.955849 [info ] [MainThread]: Running with dbt=1.12.0-b1
[0m22:30:20.956275 [debug] [MainThread]: running dbt with arguments {'version_check': 'True', 'log_cache_events': 'False', 'log_format': 'default', 'cache_selected_only': 'False', 'empty': 'None', 'printer_width': '80', 'quiet': 'False', 'static_parser': 'True', 'write_json': 'True', 'no_print': 'None', 'fail_fast': 'False', 'profiles_dir': '/home/vitorp/.dbt', 'partial_parse': 'True', 'indirect_selection': 'eager', 'use_experimental_parser': 'False', 'debug': 'False', 'introspect': 'True', 'log_path': 'logs', 'warn_error': 'None', 'warn_error_options': 'WarnErrorOptionsV2(error=[], warn=[], silence=[])', 'target_path': 'None', 'invocation_command': 'dbt init dbt_dw_ans', 'send_anonymous_usage_stats': 'True', 'use_colors': 'True'}
[0m22:30:20.962538 [info ] [MainThread]: Creating dbt configuration folder at /home/vitorp/.dbt
[0m22:30:20.963483 [debug] [MainThread]: Starter project path: /home/vitorp/Documentos/dw_ans/.venv/lib64/python3.13/site-packages/dbt/include/starter_project
[0m22:30:20.965716 [info ] [MainThread]: Setting up your profile.
[0m22:30:53.730505 [info ] [MainThread]: Profile dbt_dw_ans written to /home/vitorp/.dbt/profiles.yml using target's profile_template.yml and your supplied values.
[0m22:30:53.731667 [info ] [MainThread]: Running dbt debug to validate the project...
[0m22:30:53.732066 [info ] [MainThread]: dbt version: 1.12.0-b1
[0m22:30:53.732301 [info ] [MainThread]: python version: 3.13.13
[0m22:30:53.732518 [info ] [MainThread]: python path: /home/vitorp/Documentos/dw_ans/.venv/bin/python
[0m22:30:53.732748 [info ] [MainThread]: os info: Linux-6.19.14-108.fc42.x86_64-x86_64-with-glibc2.41
[0m22:30:53.750200 [info ] [MainThread]: Using profiles dir at /home/vitorp/.dbt
[0m22:30:53.750580 [info ] [MainThread]: Using profiles.yml file at /home/vitorp/.dbt/profiles.yml
[0m22:30:53.750825 [info ] [MainThread]: Using dbt_project.yml file at /home/vitorp/Documentos/dw_ans/dbt_dw_ans/dbt_project.yml
[0m22:30:53.751183 [info ] [MainThread]: adapter type: postgres
[0m22:30:53.751408 [info ] [MainThread]: adapter version: 1.10.0
[0m22:30:53.826081 [info ] [MainThread]: Configuration:
[0m22:30:53.826486 [info ] [MainThread]:   profiles.yml file [[32mOK found and valid[0m]
[0m22:30:53.826781 [info ] [MainThread]:   dbt_project.yml file [[32mOK found and valid[0m]
[0m22:30:53.827016 [info ] [MainThread]: Required dependencies:
[0m22:30:53.827262 [debug] [MainThread]: Executing "git --help"
[0m22:30:53.828793 [debug] [MainThread]: STDOUT: "b"usage: git [-v | --version] [-h | --help] [-C <path>] [-c <name>=<value>]\n           [--exec-path[=<path>]] [--html-path] [--man-path] [--info-path]\n           [-p | --paginate | -P | --no-pager] [--no-replace-objects] [--no-lazy-fetch]\n           [--no-optional-locks] [--no-advice] [--bare] [--git-dir=<path>]\n           [--work-tree=<path>] [--namespace=<name>] [--config-env=<name>=<envvar>]\n           <command> [<args>]\n\nThese are common Git commands used in various situations:\n\nstart a working area (see also: git help tutorial)\n   clone      Clone a repository into a new directory\n   init       Create an empty Git repository or reinitialize an existing one\n\nwork on the current change (see also: git help everyday)\n   add        Add file contents to the index\n   mv         Move or rename a file, a directory, or a symlink\n   restore    Restore working tree files\n   rm         Remove files from the working tree and from the index\n\nexamine the history and state (see also: git help revisions)\n   bisect     Use binary search to find the commit that introduced a bug\n   diff       Show changes between commits, commit and working tree, etc\n   grep       Print lines matching a pattern\n   log        Show commit logs\n   show       Show various types of objects\n   status     Show the working tree status\n\ngrow, mark and tweak your common history\n   backfill   Download missing objects in a partial clone\n   branch     List, create, or delete branches\n   commit     Record changes to the repository\n   history    EXPERIMENTAL: Rewrite history\n   merge      Join two or more development histories together\n   rebase     Reapply commits on top of another base tip\n   reset      Set `HEAD` or the index to a known state\n   switch     Switch branches\n   tag        Create, list, delete or verify tags\n\ncollaborate (see also: git help workflows)\n   fetch      Download objects and refs from another repository\n   pull       Fetch from and integrate with another repository or a local branch\n   push       Update remote refs along with associated objects\n\n'git help -a' and 'git help -g' list available subcommands and some\nconcept guides. See 'git help <command>' or 'git help <concept>'\nto read about a specific subcommand or concept.\nSee 'git help git' for an overview of the system.\n""
[0m22:30:53.829100 [debug] [MainThread]: STDERR: "b''"
[0m22:30:53.829338 [info ] [MainThread]:  - git [[32mOK found[0m]

[0m22:30:53.829579 [info ] [MainThread]: Connection:
[0m22:30:53.829829 [info ] [MainThread]:   host: localhost
[0m22:30:53.830057 [info ] [MainThread]:   port: 5432
[0m22:30:53.830281 [info ] [MainThread]:   user: vitorp
[0m22:30:53.830497 [info ] [MainThread]:   database: dw_ans
[0m22:30:53.830722 [info ] [MainThread]:   schema: public
[0m22:30:53.830938 [info ] [MainThread]:   connect_timeout: 10
[0m22:30:53.831154 [info ] [MainThread]:   role: None
[0m22:30:53.831368 [info ] [MainThread]:   search_path: None
[0m22:30:53.831590 [info ] [MainThread]:   keepalives_idle: 0
[0m22:30:53.831801 [info ] [MainThread]:   sslmode: None
[0m22:30:53.832048 [info ] [MainThread]:   sslcert: None
[0m22:30:53.832286 [info ] [MainThread]:   sslkey: None
[0m22:30:53.832506 [info ] [MainThread]:   sslrootcert: None
[0m22:30:53.832729 [info ] [MainThread]:   application_name: dbt
[0m22:30:53.832948 [info ] [MainThread]:   retries: 1
[0m22:30:53.833377 [info ] [MainThread]: Registered adapter: postgres=1.10.0
[0m22:30:53.889445 [debug] [MainThread]: Acquiring new postgres connection 'debug'
[0m22:30:53.908799 [debug] [MainThread]: Using postgres connection "debug"
[0m22:30:53.909128 [debug] [MainThread]: On debug: select 1 as id
[0m22:30:53.909372 [debug] [MainThread]: Opening a new connection, currently in state init
[0m22:30:53.917811 [debug] [MainThread]: SQL status: SELECT 1 in 0.008 seconds
[0m22:30:53.918453 [debug] [MainThread]: On debug: Close
[0m22:30:53.918738 [info ] [MainThread]:   Connection test: [[32mOK connection ok[0m]

[0m22:30:53.919000 [info ] [MainThread]: [32mAll checks passed![0m
[0m22:30:53.919271 [info ] [MainThread]: Your new dbt project "dbt_dw_ans" was created!
Initialized new project in /home/vitorp/Documentos/dw_ans/dbt_dw_ans/dbt_dw_ans

For more information on how to configure the profiles.yml file,
please consult the dbt documentation here:

  https://docs.getdbt.com/docs/configure-your-profile

One more thing:

Need help? Don't hesitate to reach out to us via GitHub issues or on Slack:

  https://community.getdbt.com/

Happy modeling!

[0m22:30:53.920830 [debug] [MainThread]: Resource report: {"command_name": "init", "command_success": true, "command_wall_clock_time": 33.014553, "process_in_blocks": "2048", "process_kernel_time": 0.114247, "process_mem_max_rss": "120464", "process_out_blocks": "280", "process_user_time": 1.042523}
[0m22:30:53.921188 [debug] [MainThread]: Command `dbt init` succeeded at 22:30:53.921113 after 33.02 seconds
[0m22:30:53.921435 [debug] [MainThread]: Connection 'debug' was properly closed.
[0m22:30:53.921707 [debug] [MainThread]: Sending event: {'category': 'dbt', 'action': 'invocation', 'label': 'end', 'context': [<snowplow_tracker.self_describing_json.SelfDescribingJson object at 0x7faec0214fc0>, <snowplow_tracker.self_describing_json.SelfDescribingJson object at 0x7faec0239250>, <snowplow_tracker.self_describing_json.SelfDescribingJson object at 0x7faebfca3f00>]}
[0m22:30:53.922091 [debug] [MainThread]: Flushing usage events
[0m22:30:54.699834 [debug] [MainThread]: An error was encountered while trying to flush usage events
[0m22:46:58.825281 [debug] [MainThread]: Sending event: {'category': 'dbt', 'action': 'invocation', 'label': 'start', 'context': [<snowplow_tracker.self_describing_json.SelfDescribingJson object at 0x7fadb9e99be0>, <snowplow_tracker.self_describing_json.SelfDescribingJson object at 0x7fadbc98ce10>, <snowplow_tracker.self_describing_json.SelfDescribingJson object at 0x7fadb903b9d0>]}


============================== 22:46:58.827779 | e867acf6-4499-4468-b37e-dbc852cec878 ==============================
[0m22:46:58.827779 [info ] [MainThread]: Running with dbt=1.12.0-b1
[0m22:46:58.828147 [debug] [MainThread]: running dbt with arguments {'version_check': 'True', 'printer_width': '80', 'use_colors': 'True', 'static_parser': 'True', 'quiet': 'False', 'indirect_selection': 'eager', 'cache_selected_only': 'False', 'log_cache_events': 'False', 'target_path': 'None', 'warn_error': 'None', 'send_anonymous_usage_stats': 'True', 'no_print': 'None', 'partial_parse': 'True', 'warn_error_options': 'WarnErrorOptionsV2(error=[], warn=[], silence=[])', 'fail_fast': 'False', 'empty': 'False', 'introspect': 'True', 'invocation_command': 'dbt run', 'debug': 'False', 'log_path': 'logs', 'use_experimental_parser': 'False', 'log_format': 'default', 'write_json': 'True', 'profiles_dir': '/home/vitorp/.dbt'}
[0m22:46:58.828500 [error] [MainThread]: [[31mERROR[0m]: Encountered an error:
Runtime Error
  No dbt_project.yml found at expected path /home/vitorp/Documentos/dw_ans/dbt_project.yml
  Verify that each entry within packages.yml (and their transitive dependencies) contains a file named dbt_project.yml
  
[0m22:46:58.829133 [debug] [MainThread]: Resource report: {"command_name": "run", "command_success": false, "command_wall_clock_time": 0.04974771, "process_in_blocks": "0", "process_kernel_time": 0.071529, "process_mem_max_rss": "103196", "process_out_blocks": "48", "process_user_time": 0.93056}
[0m22:46:58.829468 [debug] [MainThread]: Command `dbt run` failed at 22:46:58.829402 after 0.05 seconds
[0m22:46:58.829734 [debug] [MainThread]: Sending event: {'category': 'dbt', 'action': 'invocation', 'label': 'end', 'context': [<snowplow_tracker.self_describing_json.SelfDescribingJson object at 0x7fadb90755b0>, <snowplow_tracker.self_describing_json.SelfDescribingJson object at 0x7fadb9025250>, <snowplow_tracker.self_describing_json.SelfDescribingJson object at 0x7fadb8e988d0>]}
[0m22:46:58.829995 [debug] [MainThread]: Flushing usage events
[0m22:46:59.640508 [debug] [MainThread]: An error was encountered while trying to flush usage events
[0m12:02:56.653342 [debug] [MainThread]: Sending event: {'category': 'dbt', 'action': 'invocation', 'label': 'start', 'context': [<snowplow_tracker.self_describing_json.SelfDescribingJson object at 0x7f693b611be0>, <snowplow_tracker.self_describing_json.SelfDescribingJson object at 0x7f693e194e10>, <snowplow_tracker.self_describing_json.SelfDescribingJson object at 0x7f693a7b7b10>]}


============================== 12:02:56.656740 | ef7b2609-8e6d-4f0b-ae09-153c04e761dc ==============================
[0m12:02:56.656740 [info ] [MainThread]: Running with dbt=1.12.0-b1
[0m12:02:56.657200 [debug] [MainThread]: running dbt with arguments {'write_json': 'True', 'printer_width': '80', 'empty': 'False', 'warn_error_options': 'WarnErrorOptionsV2(error=[], warn=[], silence=[])', 'debug': 'False', 'target_path': 'None', 'use_colors': 'True', 'static_parser': 'True', 'indirect_selection': 'eager', 'cache_selected_only': 'False', 'send_anonymous_usage_stats': 'True', 'quiet': 'False', 'no_print': 'None', 'invocation_command': 'dbt run --select stg_mapeamento_faixa_etaria', 'log_format': 'default', 'introspect': 'True', 'partial_parse': 'True', 'version_check': 'True', 'warn_error': 'None', 'log_path': 'logs', 'fail_fast': 'False', 'use_experimental_parser': 'False', 'log_cache_events': 'False', 'profiles_dir': '/home/vitorp/.dbt'}
[0m12:02:56.657588 [error] [MainThread]: [[31mERROR[0m]: Encountered an error:
Runtime Error
  No dbt_project.yml found at expected path /home/vitorp/Documentos/dw_ans/dbt_project.yml
  Verify that each entry within packages.yml (and their transitive dependencies) contains a file named dbt_project.yml
  
[0m12:02:56.658268 [debug] [MainThread]: Resource report: {"command_name": "run", "command_success": false, "command_wall_clock_time": 0.052199636, "process_in_blocks": "760", "process_kernel_time": 0.076575, "process_mem_max_rss": "103424", "process_out_blocks": "16", "process_user_time": 0.904303}
[0m12:02:56.658627 [debug] [MainThread]: Command `dbt run` failed at 12:02:56.658548 after 0.05 seconds
[0m12:02:56.658891 [debug] [MainThread]: Sending event: {'category': 'dbt', 'action': 'invocation', 'label': 'end', 'context': [<snowplow_tracker.self_describing_json.SelfDescribingJson object at 0x7f693a7e96e0>, <snowplow_tracker.self_describing_json.SelfDescribingJson object at 0x7f693a799250>, <snowplow_tracker.self_describing_json.SelfDescribingJson object at 0x7f693a6108d0>]}
[0m12:02:56.659167 [debug] [MainThread]: Flushing usage events
[0m12:02:57.250756 [debug] [MainThread]: An error was encountered while trying to flush usage events
[0m12:03:02.164039 [debug] [MainThread]: Sending event: {'category': 'dbt', 'action': 'invocation', 'label': 'start', 'context': [<snowplow_tracker.self_describing_json.SelfDescribingJson object at 0x7f43330adbe0>, <snowplow_tracker.self_describing_json.SelfDescribingJson object at 0x7f4335b88e10>, <snowplow_tracker.self_describing_json.SelfDescribingJson object at 0x7f4332253b10>]}


============================== 12:03:02.166744 | 1e742fa6-9652-4622-a8c4-33d01d07e2ef ==============================
[0m12:03:02.166744 [info ] [MainThread]: Running with dbt=1.12.0-b1
[0m12:03:02.167138 [debug] [MainThread]: running dbt with arguments {'send_anonymous_usage_stats': 'True', 'introspect': 'True', 'warn_error': 'None', 'warn_error_options': 'WarnErrorOptionsV2(error=[], warn=[], silence=[])', 'version_check': 'True', 'profiles_dir': '/home/vitorp/.dbt', 'log_cache_events': 'False', 'static_parser': 'True', 'quiet': 'False', 'indirect_selection': 'eager', 'partial_parse': 'True', 'use_experimental_parser': 'False', 'debug': 'False', 'no_print': 'None', 'target_path': 'None', 'log_path': 'logs', 'invocation_command': 'dbt run --select stg_mapeamento_faixa_etaria', 'cache_selected_only': 'False', 'use_colors': 'True', 'write_json': 'True', 'empty': 'False', 'fail_fast': 'False', 'log_format': 'default', 'printer_width': '80'}
[0m12:03:02.167507 [error] [MainThread]: [[31mERROR[0m]: Encountered an error:
Runtime Error
  No dbt_project.yml found at expected path /home/vitorp/Documentos/dw_ans/dbt_project.yml
  Verify that each entry within packages.yml (and their transitive dependencies) contains a file named dbt_project.yml
  
[0m12:03:02.168147 [debug] [MainThread]: Resource report: {"command_name": "run", "command_success": false, "command_wall_clock_time": 0.050369795, "process_in_blocks": "0", "process_kernel_time": 0.078509, "process_mem_max_rss": "103436", "process_out_blocks": "0", "process_user_time": 0.884447}
[0m12:03:02.168484 [debug] [MainThread]: Command `dbt run` failed at 12:03:02.168414 after 0.05 seconds
[0m12:03:02.168770 [debug] [MainThread]: Sending event: {'category': 'dbt', 'action': 'invocation', 'label': 'end', 'context': [<snowplow_tracker.self_describing_json.SelfDescribingJson object at 0x7f43322896e0>, <snowplow_tracker.self_describing_json.SelfDescribingJson object at 0x7f4332235250>, <snowplow_tracker.self_describing_json.SelfDescribingJson object at 0x7f43320ac8d0>]}
[0m12:03:02.169043 [debug] [MainThread]: Flushing usage events
[0m12:03:02.702333 [debug] [MainThread]: An error was encountered while trying to flush usage events
[0m12:08:13.271639 [debug] [MainThread]: Sending event: {'category': 'dbt', 'action': 'invocation', 'label': 'start', 'context': [<snowplow_tracker.self_describing_json.SelfDescribingJson object at 0x7fe546389be0>, <snowplow_tracker.self_describing_json.SelfDescribingJson object at 0x7fe548fc0e10>, <snowplow_tracker.self_describing_json.SelfDescribingJson object at 0x7fe5453339d0>]}


============================== 12:08:13.273896 | 2c403616-0d33-431f-b084-1319d32175bd ==============================
[0m12:08:13.273896 [info ] [MainThread]: Running with dbt=1.12.0-b1
[0m12:08:13.274290 [debug] [MainThread]: running dbt with arguments {'partial_parse': 'True', 'target_path': 'None', 'introspect': 'True', 'log_format': 'default', 'cache_selected_only': 'False', 'quiet': 'False', 'debug': 'False', 'send_anonymous_usage_stats': 'True', 'log_path': 'logs', 'use_experimental_parser': 'False', 'printer_width': '80', 'warn_error_options': 'WarnErrorOptionsV2(error=[], warn=[], silence=[])', 'static_parser': 'True', 'invocation_command': 'dbt run --select fato_preco_plano', 'version_check': 'True', 'profiles_dir': '/home/vitorp/.dbt', 'fail_fast': 'False', 'warn_error': 'None', 'no_print': 'None', 'log_cache_events': 'False', 'write_json': 'True', 'empty': 'False', 'use_colors': 'True', 'indirect_selection': 'eager'}
[0m12:08:13.274650 [error] [MainThread]: [[31mERROR[0m]: Encountered an error:
Runtime Error
  No dbt_project.yml found at expected path /home/vitorp/Documentos/dw_ans/dbt_project.yml
  Verify that each entry within packages.yml (and their transitive dependencies) contains a file named dbt_project.yml
  
[0m12:08:13.275293 [debug] [MainThread]: Resource report: {"command_name": "run", "command_success": false, "command_wall_clock_time": 0.050563775, "process_in_blocks": "0", "process_kernel_time": 0.092411, "process_mem_max_rss": "103308", "process_out_blocks": "8", "process_user_time": 0.84168}
[0m12:08:13.275628 [debug] [MainThread]: Command `dbt run` failed at 12:08:13.275551 after 0.05 seconds
[0m12:08:13.275879 [debug] [MainThread]: Sending event: {'category': 'dbt', 'action': 'invocation', 'label': 'end', 'context': [<snowplow_tracker.self_describing_json.SelfDescribingJson object at 0x7fe54536d5b0>, <snowplow_tracker.self_describing_json.SelfDescribingJson object at 0x7fe545319250>, <snowplow_tracker.self_describing_json.SelfDescribingJson object at 0x7fe5453888d0>]}
[0m12:08:13.276136 [debug] [MainThread]: Flushing usage events
[0m12:08:13.825866 [debug] [MainThread]: An error was encountered while trying to flush usage events
[0m00:46:52.113583 [debug] [MainThread]: Sending event: {'category': 'dbt', 'action': 'invocation', 'label': 'start', 'context': [<snowplow_tracker.self_describing_json.SelfDescribingJson object at 0x7fd5d9c25be0>, <snowplow_tracker.self_describing_json.SelfDescribingJson object at 0x7fd5dc594e10>, <snowplow_tracker.self_describing_json.SelfDescribingJson object at 0x7fd5d8b8fb10>]}


============================== 00:46:52.117008 | 8ddfc3ef-0923-482c-9c4c-d1fb5a100ada ==============================
[0m00:46:52.117008 [info ] [MainThread]: Running with dbt=1.12.0-b1
[0m00:46:52.117453 [debug] [MainThread]: running dbt with arguments {'log_path': 'logs', 'static_parser': 'True', 'empty': 'False', 'partial_parse': 'True', 'quiet': 'False', 'warn_error_options': 'WarnErrorOptionsV2(error=[], warn=[], silence=[])', 'cache_selected_only': 'False', 'printer_width': '80', 'log_format': 'default', 'introspect': 'True', 'use_experimental_parser': 'False', 'use_colors': 'True', 'send_anonymous_usage_stats': 'True', 'invocation_command': 'dbt run --select trusted', 'profiles_dir': '/home/vitorp/.dbt', 'warn_error': 'None', 'indirect_selection': 'eager', 'debug': 'False', 'log_cache_events': 'False', 'fail_fast': 'False', 'no_print': 'None', 'write_json': 'True', 'version_check': 'True', 'target_path': 'None'}
[0m00:46:52.117838 [error] [MainThread]: [[31mERROR[0m]: Encountered an error:
Runtime Error
  No dbt_project.yml found at expected path /home/vitorp/Documentos/dw_ans/dbt_project.yml
  Verify that each entry within packages.yml (and their transitive dependencies) contains a file named dbt_project.yml
  
[0m00:46:52.118775 [debug] [MainThread]: Resource report: {"command_name": "run", "command_success": false, "command_wall_clock_time": 0.05537397, "process_in_blocks": "15608", "process_kernel_time": 0.091199, "process_mem_max_rss": "103216", "process_out_blocks": "16", "process_user_time": 0.918214}
[0m00:46:52.119130 [debug] [MainThread]: Command `dbt run` failed at 00:46:52.119058 after 0.06 seconds
[0m00:46:52.119403 [debug] [MainThread]: Sending event: {'category': 'dbt', 'action': 'invocation', 'label': 'end', 'context': [<snowplow_tracker.self_describing_json.SelfDescribingJson object at 0x7fd5d8bc16e0>, <snowplow_tracker.self_describing_json.SelfDescribingJson object at 0x7fd5d8b75250>, <snowplow_tracker.self_describing_json.SelfDescribingJson object at 0x7fd5d8be48d0>]}
[0m00:46:52.119675 [debug] [MainThread]: Flushing usage events
[0m00:46:53.022572 [debug] [MainThread]: An error was encountered while trying to flush usage events
[0m10:17:12.844024 [debug] [MainThread]: Sending event: {'category': 'dbt', 'action': 'invocation', 'label': 'start', 'context': [<snowplow_tracker.self_describing_json.SelfDescribingJson object at 0x7ff2618c5be0>, <snowplow_tracker.self_describing_json.SelfDescribingJson object at 0x7ff264388e10>, <snowplow_tracker.self_describing_json.SelfDescribingJson object at 0x7ff260a6bb10>]}


============================== 10:17:12.847599 | 721aa5b7-d20e-43e6-bd50-e37f97181036 ==============================
[0m10:17:12.847599 [info ] [MainThread]: Running with dbt=1.12.0-b1
[0m10:17:12.847957 [debug] [MainThread]: running dbt with arguments {'version_check': 'True', 'fail_fast': 'False', 'partial_parse': 'True', 'empty': 'False', 'use_colors': 'True', 'printer_width': '80', 'cache_selected_only': 'False', 'log_path': 'logs', 'use_experimental_parser': 'False', 'profiles_dir': '/home/vitorp/.dbt', 'no_print': 'None', 'write_json': 'True', 'log_cache_events': 'False', 'warn_error_options': 'WarnErrorOptionsV2(error=[], warn=[], silence=[])', 'static_parser': 'True', 'target_path': 'None', 'log_format': 'default', 'quiet': 'False', 'invocation_command': 'dbt run --select dim_tempo', 'indirect_selection': 'eager', 'debug': 'False', 'warn_error': 'None', 'send_anonymous_usage_stats': 'True', 'introspect': 'True'}
[0m10:17:12.848290 [error] [MainThread]: [[31mERROR[0m]: Encountered an error:
Runtime Error
  No dbt_project.yml found at expected path /home/vitorp/Documentos/dw_ans/dbt_project.yml
  Verify that each entry within packages.yml (and their transitive dependencies) contains a file named dbt_project.yml
  
[0m10:17:12.848866 [debug] [MainThread]: Resource report: {"command_name": "run", "command_success": false, "command_wall_clock_time": 0.051716167, "process_in_blocks": "8", "process_kernel_time": 0.060602, "process_mem_max_rss": "103200", "process_out_blocks": "8", "process_user_time": 0.863716}
[0m10:17:12.849184 [debug] [MainThread]: Command `dbt run` failed at 10:17:12.849116 after 0.05 seconds
[0m10:17:12.849494 [debug] [MainThread]: Sending event: {'category': 'dbt', 'action': 'invocation', 'label': 'end', 'context': [<snowplow_tracker.self_describing_json.SelfDescribingJson object at 0x7ff260aa16e0>, <snowplow_tracker.self_describing_json.SelfDescribingJson object at 0x7ff260a4d250>, <snowplow_tracker.self_describing_json.SelfDescribingJson object at 0x7ff2608f06b0>]}
[0m10:17:12.849805 [debug] [MainThread]: Flushing usage events
[0m10:17:13.448330 [debug] [MainThread]: An error was encountered while trying to flush usage events
