==================== 2026-05-28T14:13:59.038624Z | 64501e68-6d92-4440-8eba-27720e2acb0e ====================
14:13:59.038732 [info ]: Starting dbt LSP server
14:13:59.038765 [info ]: Connecting to LSP client on port 8000
14:13:59.046975 [info ]: Successfully connected to LSP client
14:13:59.047012 [info ]: Creating LSP service...
14:13:59.191136 [info ]: Creating LSP server...
14:13:59.191169 [info ]: Starting LSP server...
14:13:59.238606 [info ]: Loading ~/.dbt/profiles.yml
14:13:59.243295 [info ]: Loading ~/.dbt/profiles.yml
14:20:38.341384 [info ]: Loading ~/.dbt/profiles.yml
14:49:06.574466 [info ]: Loading ~/.dbt/profiles.yml
14:49:07.076967 [info ]: Loading ~/.dbt/profiles.yml
14:49:07.592566 [info ]: Loading ~/.dbt/profiles.yml
14:49:08.089905 [info ]: Loading ~/.dbt/profiles.yml
14:49:08.542747 [info ]: Loading ~/.dbt/profiles.yml
14:49:09.072452 [info ]: Loading ~/.dbt/profiles.yml
14:49:09.550022 [info ]: Loading ~/.dbt/profiles.yml
14:49:10.067317 [info ]: Loading ~/.dbt/profiles.yml
14:49:10.559169 [info ]: Loading ~/.dbt/profiles.yml
14:49:11.055993 [info ]: Loading ~/.dbt/profiles.yml
14:49:11.580023 [info ]: Loading ~/.dbt/profiles.yml
14:49:12.059739 [info ]: Loading ~/.dbt/profiles.yml
14:49:12.557615 [info ]: Loading ~/.dbt/profiles.yml
14:49:13.060058 [info ]: Loading ~/.dbt/profiles.yml
14:49:13.554041 [info ]: Loading ~/.dbt/profiles.yml
14:49:14.062704 [info ]: Loading ~/.dbt/profiles.yml
14:49:14.559202 [info ]: Loading ~/.dbt/profiles.yml
14:49:15.054883 [info ]: Loading ~/.dbt/profiles.yml
14:49:15.573489 [info ]: Loading ~/.dbt/profiles.yml
14:49:16.068757 [info ]: Loading ~/.dbt/profiles.yml
14:49:16.567221 [info ]: Loading ~/.dbt/profiles.yml
14:49:17.077454 [info ]: Loading ~/.dbt/profiles.yml
14:49:17.581698 [info ]: Loading ~/.dbt/profiles.yml
14:49:18.064599 [info ]: Loading ~/.dbt/profiles.yml
14:49:18.582507 [info ]: Loading ~/.dbt/profiles.yml
14:49:19.039581 [info ]: Loading ~/.dbt/profiles.yml
14:49:28.801577 [info ]: Loading ~/.dbt/profiles.yml
14:49:34.487258 [info ]: Loading ~/.dbt/profiles.yml
14:49:35.029121 [info ]: Loading ~/.dbt/profiles.yml
14:49:35.526982 [info ]: Loading ~/.dbt/profiles.yml
14:49:36.116284 [info ]: Loading ~/.dbt/profiles.yml
14:49:36.512925 [info ]: Loading ~/.dbt/profiles.yml
14:49:37.001391 [info ]: Loading ~/.dbt/profiles.yml
14:49:37.512467 [info ]: Loading ~/.dbt/profiles.yml
14:49:37.856076 [info ]: Loading ~/.dbt/profiles.yml
14:49:38.369148 [info ]: Loading ~/.dbt/profiles.yml
14:49:38.883948 [info ]: Loading ~/.dbt/profiles.yml
14:49:39.900708 [info ]: Loading ~/.dbt/profiles.yml
14:49:40.406340 [info ]: Loading ~/.dbt/profiles.yml
14:50:05.030758 [info ]: Loading ~/.dbt/profiles.yml
14:50:05.510766 [info ]: Loading ~/.dbt/profiles.yml
14:50:05.987705 [info ]: Loading ~/.dbt/profiles.yml
14:50:06.498247 [info ]: Loading ~/.dbt/profiles.yml
14:50:07.117504 [info ]: Loading ~/.dbt/profiles.yml
14:50:07.633070 [info ]: Loading ~/.dbt/profiles.yml
14:50:08.130808 [info ]: Loading ~/.dbt/profiles.yml
14:50:09.139149 [info ]: Loading ~/.dbt/profiles.yml
14:50:09.775498 [info ]: Loading ~/.dbt/profiles.yml
14:50:32.728173 [info ]: Loading ~/.dbt/profiles.yml
14:50:33.298904 [info ]: Loading ~/.dbt/profiles.yml
14:50:33.777759 [info ]: Loading ~/.dbt/profiles.yml
14:50:34.269562 [info ]: Loading ~/.dbt/profiles.yml
14:50:34.948742 [info ]: Loading ~/.dbt/profiles.yml
14:50:35.444009 [info ]: Loading ~/.dbt/profiles.yml
14:50:35.973727 [info ]: Loading ~/.dbt/profiles.yml
14:50:36.489516 [info ]: Loading ~/.dbt/profiles.yml
14:50:36.958979 [info ]: Loading ~/.dbt/profiles.yml
14:50:37.453392 [info ]: Loading ~/.dbt/profiles.yml
14:50:37.962658 [info ]: Loading ~/.dbt/profiles.yml
14:50:38.449296 [info ]: Loading ~/.dbt/profiles.yml
14:50:38.915149 [info ]: Loading ~/.dbt/profiles.yml
14:50:39.534623 [info ]: Loading ~/.dbt/profiles.yml
14:50:40.045908 [info ]: Loading ~/.dbt/profiles.yml
14:50:40.559623 [info ]: Loading ~/.dbt/profiles.yml
14:50:41.057893 [info ]: Loading ~/.dbt/profiles.yml
14:50:41.562760 [info ]: Loading ~/.dbt/profiles.yml
14:50:42.245808 [info ]: Loading ~/.dbt/profiles.yml
14:50:42.765670 [info ]: Loading ~/.dbt/profiles.yml
14:50:43.245599 [info ]: Loading ~/.dbt/profiles.yml
14:50:43.758953 [info ]: Loading ~/.dbt/profiles.yml
14:50:44.272704 [info ]: Loading ~/.dbt/profiles.yml
14:50:44.807491 [info ]: Loading ~/.dbt/profiles.yml
14:50:45.289016 [info ]: Loading ~/.dbt/profiles.yml
14:50:45.782957 [info ]: Loading ~/.dbt/profiles.yml
14:50:46.275548 [info ]: Loading ~/.dbt/profiles.yml
14:50:46.772343 [info ]: Loading ~/.dbt/profiles.yml
14:50:47.287082 [info ]: Loading ~/.dbt/profiles.yml
14:50:47.784251 [info ]: Loading ~/.dbt/profiles.yml
14:50:48.282524 [info ]: Loading ~/.dbt/profiles.yml
14:50:48.786500 [info ]: Loading ~/.dbt/profiles.yml
14:50:49.299573 [info ]: Loading ~/.dbt/profiles.yml
14:50:49.824398 [info ]: Loading ~/.dbt/profiles.yml
14:50:50.323726 [info ]: Loading ~/.dbt/profiles.yml
14:50:50.835365 [info ]: Loading ~/.dbt/profiles.yml
14:50:51.349513 [info ]: Loading ~/.dbt/profiles.yml
14:50:51.858882 [info ]: Loading ~/.dbt/profiles.yml
14:50:52.335851 [info ]: Loading ~/.dbt/profiles.yml
14:50:52.844973 [info ]: Loading ~/.dbt/profiles.yml
14:50:53.369290 [info ]: Loading ~/.dbt/profiles.yml
14:50:56.019089 [info ]: Loading ~/.dbt/profiles.yml
14:50:56.756803 [info ]: Loading ~/.dbt/profiles.yml
14:50:57.295048 [info ]: Loading ~/.dbt/profiles.yml
14:50:57.773481 [info ]: Loading ~/.dbt/profiles.yml
14:50:58.299090 [info ]: Loading ~/.dbt/profiles.yml
14:50:58.783383 [info ]: Loading ~/.dbt/profiles.yml
14:50:59.279933 [info ]: Loading ~/.dbt/profiles.yml
14:50:59.796114 [info ]: Loading ~/.dbt/profiles.yml
14:51:00.307313 [info ]: Loading ~/.dbt/profiles.yml
14:51:00.775918 [info ]: Loading ~/.dbt/profiles.yml
14:51:01.304389 [info ]: Loading ~/.dbt/profiles.yml
14:51:01.788056 [info ]: Loading ~/.dbt/profiles.yml
14:51:02.277947 [info ]: Loading ~/.dbt/profiles.yml
14:51:02.790622 [info ]: Loading ~/.dbt/profiles.yml
14:51:03.285531 [info ]: Loading ~/.dbt/profiles.yml
14:51:03.811813 [info ]: Loading ~/.dbt/profiles.yml
14:51:04.308805 [info ]: Loading ~/.dbt/profiles.yml
14:51:04.810317 [info ]: Loading ~/.dbt/profiles.yml
14:51:05.419065 [info ]: Loading ~/.dbt/profiles.yml
14:51:05.935511 [info ]: Loading ~/.dbt/profiles.yml
14:51:06.432858 [info ]: Loading ~/.dbt/profiles.yml
14:51:06.919537 [info ]: Loading ~/.dbt/profiles.yml
14:51:07.374263 [info ]: Loading ~/.dbt/profiles.yml
14:51:07.870539 [info ]: Loading ~/.dbt/profiles.yml
14:51:08.364043 [info ]: Loading ~/.dbt/profiles.yml
14:51:08.874962 [info ]: Loading ~/.dbt/profiles.yml
14:51:09.385341 [info ]: Loading ~/.dbt/profiles.yml
14:51:09.883554 [info ]: Loading ~/.dbt/profiles.yml
14:51:10.416278 [info ]: Loading ~/.dbt/profiles.yml
14:51:10.895236 [info ]: Loading ~/.dbt/profiles.yml
14:51:11.390776 [info ]: Loading ~/.dbt/profiles.yml
14:51:11.903470 [info ]: Loading ~/.dbt/profiles.yml
14:51:12.401558 [info ]: Loading ~/.dbt/profiles.yml
14:51:12.929791 [info ]: Loading ~/.dbt/profiles.yml
14:51:13.424811 [info ]: Loading ~/.dbt/profiles.yml
14:51:13.928509 [info ]: Loading ~/.dbt/profiles.yml
14:51:14.403327 [info ]: Loading ~/.dbt/profiles.yml
14:51:14.950751 [info ]: Loading ~/.dbt/profiles.yml
14:51:15.411627 [info ]: Loading ~/.dbt/profiles.yml
14:51:15.908747 [info ]: Loading ~/.dbt/profiles.yml
14:51:16.324625 [info ]: Loading ~/.dbt/profiles.yml
14:51:16.853086 [info ]: Loading ~/.dbt/profiles.yml
14:51:17.362417 [info ]: Loading ~/.dbt/profiles.yml
14:51:17.801756 [info ]: Loading ~/.dbt/profiles.yml
14:54:43.303871 [info ]: Loading ~/.dbt/profiles.yml
14:54:43.851795 [info ]: Loading ~/.dbt/profiles.yml
14:54:44.336457 [info ]: Loading ~/.dbt/profiles.yml
14:54:44.840299 [info ]: Loading ~/.dbt/profiles.yml
14:54:45.182494 [info ]: Loading ~/.dbt/profiles.yml
14:54:45.677096 [info ]: Loading ~/.dbt/profiles.yml
14:54:46.171440 [info ]: Loading ~/.dbt/profiles.yml
14:54:48.084779 [info ]: Loading ~/.dbt/profiles.yml
14:54:48.599605 [info ]: Loading ~/.dbt/profiles.yml
14:54:49.093524 [info ]: Loading ~/.dbt/profiles.yml
14:54:49.780888 [info ]: Loading ~/.dbt/profiles.yml
14:54:50.281940 [info ]: Loading ~/.dbt/profiles.yml
14:54:50.779996 [info ]: Loading ~/.dbt/profiles.yml
14:54:51.298495 [info ]: Loading ~/.dbt/profiles.yml
14:54:51.809051 [info ]: Loading ~/.dbt/profiles.yml
14:54:52.307300 [info ]: Loading ~/.dbt/profiles.yml
14:54:52.804560 [info ]: Loading ~/.dbt/profiles.yml
14:54:53.310353 [info ]: Loading ~/.dbt/profiles.yml
14:54:53.827472 [info ]: Loading ~/.dbt/profiles.yml
14:54:54.328890 [info ]: Loading ~/.dbt/profiles.yml
14:54:54.806557 [info ]: Loading ~/.dbt/profiles.yml
14:54:55.335779 [info ]: Loading ~/.dbt/profiles.yml
14:54:55.833115 [info ]: Loading ~/.dbt/profiles.yml
14:54:56.342658 [info ]: Loading ~/.dbt/profiles.yml
14:54:57.022986 [info ]: Loading ~/.dbt/profiles.yml
14:54:57.836108 [info ]: Loading ~/.dbt/profiles.yml
14:54:58.349624 [info ]: Loading ~/.dbt/profiles.yml
14:54:58.873343 [info ]: Loading ~/.dbt/profiles.yml
14:54:59.379926 [info ]: Loading ~/.dbt/profiles.yml
14:54:59.880088 [info ]: Loading ~/.dbt/profiles.yml
14:55:00.355948 [info ]: Loading ~/.dbt/profiles.yml
14:55:00.868315 [info ]: Loading ~/.dbt/profiles.yml
14:55:01.363612 [info ]: Loading ~/.dbt/profiles.yml
14:55:01.885137 [info ]: Loading ~/.dbt/profiles.yml
14:55:02.381781 [info ]: Loading ~/.dbt/profiles.yml
14:55:02.868453 [info ]: Loading ~/.dbt/profiles.yml
14:55:03.369481 [info ]: Loading ~/.dbt/profiles.yml
14:55:03.861493 [info ]: Loading ~/.dbt/profiles.yml
14:55:04.368149 [info ]: Loading ~/.dbt/profiles.yml
14:55:04.878669 [info ]: Loading ~/.dbt/profiles.yml
14:55:05.264964 [info ]: Loading ~/.dbt/profiles.yml
14:55:05.559153 [info ]: Loading ~/.dbt/profiles.yml
14:55:06.070881 [info ]: Loading ~/.dbt/profiles.yml
14:55:06.583576 [info ]: Loading ~/.dbt/profiles.yml
14:55:07.234006 [info ]: Loading ~/.dbt/profiles.yml
14:55:07.748309 [info ]: Loading ~/.dbt/profiles.yml
14:55:08.256601 [info ]: Loading ~/.dbt/profiles.yml
14:55:08.753618 [info ]: Loading ~/.dbt/profiles.yml
14:55:09.264707 [info ]: Loading ~/.dbt/profiles.yml
14:55:09.759307 [info ]: Loading ~/.dbt/profiles.yml
14:55:10.256530 [info ]: Loading ~/.dbt/profiles.yml
14:55:11.765217 [info ]: Loading ~/.dbt/profiles.yml
14:55:12.286372 [info ]: Loading ~/.dbt/profiles.yml
14:55:12.783721 [info ]: Loading ~/.dbt/profiles.yml
14:55:13.290598 [info ]: Loading ~/.dbt/profiles.yml
14:55:13.788684 [info ]: Loading ~/.dbt/profiles.yml
14:55:14.302295 [info ]: Loading ~/.dbt/profiles.yml
14:55:14.810892 [info ]: Loading ~/.dbt/profiles.yml
14:55:15.327400 [info ]: Loading ~/.dbt/profiles.yml
14:55:15.838149 [info ]: Loading ~/.dbt/profiles.yml
14:55:16.332200 [info ]: Loading ~/.dbt/profiles.yml
14:55:17.135283 [info ]: Loading ~/.dbt/profiles.yml
14:55:17.665178 [info ]: Loading ~/.dbt/profiles.yml
14:55:18.166191 [info ]: Loading ~/.dbt/profiles.yml
14:55:18.691954 [info ]: Loading ~/.dbt/profiles.yml
14:55:19.181563 [info ]: Loading ~/.dbt/profiles.yml
14:55:20.360267 [info ]: Loading ~/.dbt/profiles.yml
14:55:20.868172 [info ]: Loading ~/.dbt/profiles.yml
14:55:21.369165 [info ]: Loading ~/.dbt/profiles.yml
14:55:21.877562 [info ]: Loading ~/.dbt/profiles.yml
14:55:22.393613 [info ]: Loading ~/.dbt/profiles.yml
14:55:22.895652 [info ]: Loading ~/.dbt/profiles.yml
14:55:23.433316 [info ]: Loading ~/.dbt/profiles.yml
14:55:23.897679 [info ]: Loading ~/.dbt/profiles.yml
14:55:24.391384 [info ]: Loading ~/.dbt/profiles.yml
14:55:24.928202 [info ]: Loading ~/.dbt/profiles.yml
14:55:25.417534 [info ]: Loading ~/.dbt/profiles.yml
14:55:25.910160 [info ]: Loading ~/.dbt/profiles.yml
14:55:26.422637 [info ]: Loading ~/.dbt/profiles.yml
14:55:26.912313 [info ]: Loading ~/.dbt/profiles.yml
14:55:27.413008 [info ]: Loading ~/.dbt/profiles.yml
14:55:27.903324 [info ]: Loading ~/.dbt/profiles.yml
14:55:28.384280 [info ]: Loading ~/.dbt/profiles.yml
14:55:28.898269 [info ]: Loading ~/.dbt/profiles.yml
14:55:29.524538 [info ]: Loading ~/.dbt/profiles.yml
14:57:20.567794 [info ]: Loading ~/.dbt/profiles.yml
14:57:20.874580 [info ]: Loading ~/.dbt/profiles.yml
14:58:08.385415 [info ]: Loading ~/.dbt/profiles.yml
14:58:19.043095 [info ]: Loading ~/.dbt/profiles.yml
14:58:56.385579 [info ]: Loading ~/.dbt/profiles.yml
14:58:56.876808 [info ]: Loading ~/.dbt/profiles.yml
14:58:57.361909 [info ]: Loading ~/.dbt/profiles.yml
14:58:57.878690 [info ]: Loading ~/.dbt/profiles.yml
14:58:58.368917 [info ]: Loading ~/.dbt/profiles.yml
14:58:58.878782 [info ]: Loading ~/.dbt/profiles.yml
14:58:59.358941 [info ]: Loading ~/.dbt/profiles.yml
14:58:59.871217 [info ]: Loading ~/.dbt/profiles.yml
14:59:00.377900 [info ]: Loading ~/.dbt/profiles.yml
14:59:00.870699 [info ]: Loading ~/.dbt/profiles.yml
14:59:01.408085 [info ]: Loading ~/.dbt/profiles.yml
14:59:01.753608 [info ]: Loading ~/.dbt/profiles.yml
15:01:12.458011 [info ]: Loading ~/.dbt/profiles.yml
15:01:12.717124 [info ]: Loading ~/.dbt/profiles.yml
15:01:13.066964 [info ]: Loading ~/.dbt/profiles.yml
15:01:59.109997 [info ]: Loading ~/.dbt/profiles.yml
15:01:59.609757 [info ]: Loading ~/.dbt/profiles.yml
15:02:00.095233 [info ]: Loading ~/.dbt/profiles.yml
15:02:00.615570 [info ]: Loading ~/.dbt/profiles.yml
15:02:01.102800 [info ]: Loading ~/.dbt/profiles.yml
15:02:01.633631 [info ]: Loading ~/.dbt/profiles.yml
15:02:02.112460 [info ]: Loading ~/.dbt/profiles.yml
15:02:02.612391 [info ]: Loading ~/.dbt/profiles.yml
15:02:03.105697 [info ]: Loading ~/.dbt/profiles.yml
15:02:03.616397 [info ]: Loading ~/.dbt/profiles.yml
15:02:04.120047 [info ]: Loading ~/.dbt/profiles.yml
15:02:04.391229 [info ]: Loading ~/.dbt/profiles.yml
15:04:09.104011 [info ]: Loading ~/.dbt/profiles.yml
15:04:09.153224 [info ]: Started loading project
15:04:09.155470 [info ]: Loading ~/.dbt/profiles.yml
15:04:09.160211 [info ]: Finished loading project [  0.01s]
15:04:09.518499 [info ]: Loading ~/.dbt/profiles.yml
15:04:10.027168 [info ]: Loading ~/.dbt/profiles.yml
15:04:10.434217 [info ]: Loading ~/.dbt/profiles.yml
15:04:20.184452 [info ]: Loading ~/.dbt/profiles.yml
15:04:20.229932 [info ]: Started loading project
15:04:20.231336 [info ]: Loading ~/.dbt/profiles.yml
15:04:20.232585 [info ]: Finished loading project [  0.00s]
15:04:20.543994 [info ]: Loading ~/.dbt/profiles.yml
15:04:21.098092 [info ]: Loading ~/.dbt/profiles.yml
15:04:21.445870 [info ]: Loading ~/.dbt/profiles.yml
15:04:30.428319 [info ]: Loading ~/.dbt/profiles.yml
15:04:30.469778 [info ]: Started loading project
15:04:30.471561 [info ]: Loading ~/.dbt/profiles.yml
15:04:30.472619 [info ]: Finished loading project [  0.00s]
15:04:30.771129 [info ]: Loading ~/.dbt/profiles.yml
15:04:31.346506 [info ]: Loading ~/.dbt/profiles.yml
15:04:31.678400 [info ]: Loading ~/.dbt/profiles.yml
15:04:41.273863 [info ]: Started loading project
15:04:41.274307 [info ]: Finished loading project [  0.00s]
